Set paper size 	297.6377985	419.5275636
Begin page
Mx 	30.4489
My 	55.6452
Set font 	Libertinus Serif;10;400;;normal;;LTR
T	1768 w=3.5100	(•)
Mx 	39.7039
Mx 	5.2800
Mx 	4.4000
Mx 	4.8900
Mx 	4.4700
Mx 	2.6400
T	45 a=5.2800 70 a=4.4700 87 a=4.9700 70 a=4.4700 77 a=2.6400	(Level)
Mx 	64.4019
T	18 w=4.6500	(1)
Mx 	72.0699
T	39 74 83 84 85 w=18.3400	(First)
Mx 	93.4280
T	42 85 70 78 w=18.5000	(Item)
Mx 	30.4489
My 	67.6452
T	1768 w=3.5100	(•)
Mx 	39.7039
Mx 	5.2800
Mx 	4.4000
Mx 	4.8900
Mx 	4.4700
Mx 	2.6400
T	45 a=5.2800 70 a=4.4700 87 a=4.9700 70 a=4.4700 77 a=2.6400	(Level)
Mx 	64.4006
T	18 w=4.6500	(1)
Mx 	72.0672
Mx 	4.8500
Mx 	4.5400
Mx 	4.2800
Mx 	5.0400
Mx 	5.4200
Mx 	5.0600
T	52 a=4.8500 70 a=4.4700 68 a=4.2800 80 a=5.0400 79 a=5.4200 69 a=5.0600	(Second)
Mx 	104.2739
T	42 85 70 78 w=18.5000	(Item)
Mx 	45.4489
My 	79.6452
T	2222 w=3.5100	(◦)
Mx 	54.7039
Mx 	5.2800
Mx 	4.4000
Mx 	4.8900
Mx 	4.4700
Mx 	2.6400
T	45 a=5.2800 70 a=4.4700 87 a=4.9700 70 a=4.4700 77 a=2.6400	(Level)
Mx 	79.4001
T	19 w=4.6500	(2)
Mx 	87.0662
T	39 74 83 84 85 w=18.3400	(First)
Mx 	108.4223
T	42 85 70 78 w=18.5000	(Item)
Mx 	45.4489
My 	91.6452
T	2222 w=3.5100	(◦)
Mx 	54.7039
Mx 	5.2800
Mx 	4.4000
Mx 	4.8900
Mx 	4.4700
Mx 	2.6400
T	45 a=5.2800 70 a=4.4700 87 a=4.9700 70 a=4.4700 77 a=2.6400	(Level)
Mx 	79.3987
T	19 w=4.6500	(2)
Mx 	87.0635
Mx 	4.8500
Mx 	4.5400
Mx 	4.2800
Mx 	5.0400
Mx 	5.4200
Mx 	5.0600
T	52 a=4.8500 70 a=4.4700 68 a=4.2800 80 a=5.0400 79 a=5.4200 69 a=5.0600	(Second)
Mx 	119.2683
T	42 85 70 78 w=18.5000	(Item)
Mx 	59.4639
My 	103.6452
T	1753 w=5.4800	(–)
Mx 	69.7039
Mx 	5.2800
Mx 	4.4000
Mx 	4.8900
Mx 	4.4700
Mx 	2.6400
T	45 a=5.2800 70 a=4.4700 87 a=4.9700 70 a=4.4700 77 a=2.6400	(Level)
Mx 	94.3982
T	20 w=4.6500	(3)
Mx 	102.0625
T	39 74 83 84 85 w=18.3400	(First)
Mx 	123.4167
T	42 85 70 78 w=18.5000	(Item)
Mx 	59.4639
My 	115.6452
T	1753 w=5.4800	(–)
Mx 	69.7039
Mx 	5.2800
Mx 	4.4000
Mx 	4.8900
Mx 	4.4700
Mx 	2.6400
T	45 a=5.2800 70 a=4.4700 87 a=4.9700 70 a=4.4700 77 a=2.6400	(Level)
Mx 	94.3968
T	20 w=4.6500	(3)
Mx 	102.0597
Mx 	4.8500
Mx 	4.5400
Mx 	4.2800
Mx 	5.0400
Mx 	5.4200
Mx 	5.0600
T	52 a=4.8500 70 a=4.4700 68 a=4.2800 80 a=5.0400 79 a=5.4200 69 a=5.0600	(Second)
Mx 	134.2626
T	42 85 70 78 w=18.5000	(Item)
Mx 	45.4489
My 	127.6452
T	2222 w=3.5100	(◦)
Mx 	54.7039
Mx 	5.2800
Mx 	4.4000
Mx 	4.8900
Mx 	4.4700
Mx 	2.6400
T	45 a=5.2800 70 a=4.4700 87 a=4.9700 70 a=4.4700 77 a=2.6400	(Level)
Mx 	79.3995
T	19 w=4.6500	(2)
Mx 	87.0651
Mx 	5.9700
Mx 	5.3800
Mx 	2.7100
Mx 	3.6400
Mx 	5.0600
T	53 a=5.9700 73 a=5.3800 74 a=2.7100 83 a=3.7200 69 a=5.0600	(Third)
Mx 	112.8407
T	42 85 70 78 w=18.5000	(Item)
Mx 	30.4489
My 	139.6452
T	1768 w=3.5100	(•)
Mx 	39.7039
Mx 	5.2800
Mx 	4.4000
Mx 	4.8900
Mx 	4.4700
Mx 	2.6400
T	45 a=5.2800 70 a=4.4700 87 a=4.9700 70 a=4.4700 77 a=2.6400	(Level)
Mx 	64.4014
T	18 w=4.6500	(1)
Mx 	72.0688
Mx 	5.9700
Mx 	5.3800
Mx 	2.7100
Mx 	3.6400
Mx 	5.0600
T	53 a=5.9700 73 a=5.3800 74 a=2.7100 83 a=3.7200 69 a=5.0600	(Third)
Mx 	97.8463
T	42 85 70 78 w=18.5000	(Item)
End page
Finish
