Set paper size 	297.6377985	419.5275636
Begin page
Mx 	29.7039
My 	55.6452
Set font 	Libertinus Serif;10;400;;normal;;LTR
T	18 w=4.6500	(1)
Mx 	34.3539
T	15 w=2.2000	(.)
Mx 	44.7039
Mx 	5.2800
Mx 	4.4000
Mx 	4.8900
Mx 	4.4700
Mx 	2.6400
T	45 a=5.2800 70 a=4.4700 87 a=4.9700 70 a=4.4700 77 a=2.6400	(Level)
Mx 	69.4006
T	18 w=4.6500	(1)
Mx 	77.0673
T	39 74 83 84 85 w=18.3400	(First)
Mx 	98.4239
T	38 79 86 78 w=24.2000	(Enum)
Mx 	29.7039
My 	67.6452
T	19 w=4.6500	(2)
Mx 	34.3539
T	15 w=2.2000	(.)
Mx 	44.7039
Mx 	5.2800
Mx 	4.4000
Mx 	4.8900
Mx 	4.4700
Mx 	2.6400
T	45 a=5.2800 70 a=4.4700 87 a=4.9700 70 a=4.4700 77 a=2.6400	(Level)
Mx 	69.3992
T	18 w=4.6500	(1)
Mx 	77.0646
Mx 	4.8500
Mx 	4.5400
Mx 	4.2800
Mx 	5.0400
Mx 	5.4200
Mx 	5.0600
T	52 a=4.8500 70 a=4.4700 68 a=4.2800 80 a=5.0400 79 a=5.4200 69 a=5.0600	(Second)
Mx 	109.2699
T	38 79 86 78 w=24.2000	(Enum)
Mx 	49.7039
My 	79.6452
T	74 w=2.7100	(i)
Mx 	52.4139
T	15 w=2.2000	(.)
Mx 	64.7039
Mx 	5.2800
Mx 	4.4000
Mx 	4.8900
Mx 	4.4700
Mx 	2.6400
T	45 a=5.2800 70 a=4.4700 87 a=4.9700 70 a=4.4700 77 a=2.6400	(Level)
Mx 	89.3981
T	19 w=4.6500	(2)
Mx 	97.0623
T	39 74 83 84 85 w=18.3400	(First)
Mx 	118.4164
T	38 79 86 78 w=24.2000	(Enum)
Mx 	49.7039
My 	91.6452
T	74 74 w=5.4200	(ii)
Mx 	55.1239
T	15 w=2.2000	(.)
Mx 	64.7039
Mx 	5.2800
Mx 	4.4000
Mx 	4.8900
Mx 	4.4700
Mx 	2.6400
T	45 a=5.2800 70 a=4.4700 87 a=4.9700 70 a=4.4700 77 a=2.6400	(Level)
Mx 	89.3968
T	19 w=4.6500	(2)
Mx 	97.0596
Mx 	4.8500
Mx 	4.5400
Mx 	4.2800
Mx 	5.0400
Mx 	5.4200
Mx 	5.0600
T	52 a=4.8500 70 a=4.4700 68 a=4.2800 80 a=5.0400 79 a=5.4200 69 a=5.0600	(Second)
Mx 	129.2624
T	38 79 86 78 w=24.2000	(Enum)
Mx 	69.7039
My 	103.6452
T	66 w=4.5700	(a)
Mx 	74.2739
T	10 w=2.9800	())
Mx 	84.7039
Mx 	5.2800
Mx 	4.4000
Mx 	4.8900
Mx 	4.4700
Mx 	2.6400
T	45 a=5.2800 70 a=4.4700 87 a=4.9700 70 a=4.4700 77 a=2.6400	(Level)
Mx 	109.3956
T	20 w=4.6500	(3)
Mx 	117.0573
T	39 74 83 84 85 w=18.3400	(First)
Mx 	138.4089
T	38 79 86 78 w=24.2000	(Enum)
Mx 	69.7039
My 	115.6452
T	67 w=4.9300	(b)
Mx 	74.6339
T	10 w=2.9800	())
Mx 	84.7039
Mx 	5.2800
Mx 	4.4000
Mx 	4.8900
Mx 	4.4700
Mx 	2.6400
T	45 a=5.2800 70 a=4.4700 87 a=4.9700 70 a=4.4700 77 a=2.6400	(Level)
Mx 	109.3943
T	20 w=4.6500	(3)
Mx 	117.0546
Mx 	4.8500
Mx 	4.5400
Mx 	4.2800
Mx 	5.0400
Mx 	5.4200
Mx 	5.0600
T	52 a=4.8500 70 a=4.4700 68 a=4.2800 80 a=5.0400 79 a=5.4200 69 a=5.0600	(Second)
Mx 	149.2549
T	38 79 86 78 w=24.2000	(Enum)
Mx 	49.7039
My 	127.6452
T	74 74 74 w=8.1300	(iii)
Mx 	57.8339
T	15 w=2.2000	(.)
Mx 	64.7039
Mx 	5.2800
Mx 	4.4000
Mx 	4.8900
Mx 	4.4700
Mx 	2.6400
T	45 a=5.2800 70 a=4.4700 87 a=4.9700 70 a=4.4700 77 a=2.6400	(Level)
Mx 	89.3976
T	19 w=4.6500	(2)
Mx 	97.0612
Mx 	5.9700
Mx 	5.3800
Mx 	2.7100
Mx 	3.6400
Mx 	5.0600
T	53 a=5.9700 73 a=5.3800 74 a=2.7100 83 a=3.7200 69 a=5.0600	(Third)
Mx 	122.8348
T	38 79 86 78 w=24.2000	(Enum)
Mx 	29.7039
My 	139.6452
T	20 w=4.6500	(3)
Mx 	34.3539
T	15 w=2.2000	(.)
Mx 	44.7039
Mx 	5.2800
Mx 	4.4000
Mx 	4.8900
Mx 	4.4700
Mx 	2.6400
T	45 a=5.2800 70 a=4.4700 87 a=4.9700 70 a=4.4700 77 a=2.6400	(Level)
Mx 	69.4001
T	18 w=4.6500	(1)
Mx 	77.0662
Mx 	5.9700
Mx 	5.3800
Mx 	2.7100
Mx 	3.6400
Mx 	5.0600
T	53 a=5.9700 73 a=5.3800 74 a=2.7100 83 a=3.7200 69 a=5.0600	(Third)
Mx 	102.8423
T	38 79 86 78 w=24.2000	(Enum)
End page
Finish
