Set paper size 	595.275597	841.8897729
Begin page
Push color	0.8667	0.8667	0.8667
Draw line	29.7638	42.0945	535.7480	55.7871
Pop color
Mx 	29.7638
My 	72.8445
Draw line	29.7638	42.0945	107.1496	0.4000
Draw line	29.7638	97.8816	107.1496	0.4000
Draw line	29.7638	42.0945	0.4000	56.1871
Draw line	136.9134	42.0945	0.4000	56.1871
Mx 	53.7638
Set font 	Gentium Plus;10;400;;normal;;LTR
T	39 68 92 w=15.4492	(Day)
Mx 	136.9134
My 	54.2488
Draw line	136.9134	42.0945	428.5984	0.4000
Draw line	136.9134	60.6902	428.5984	0.4000
Draw line	136.9134	42.0945	0.4000	18.9957
Draw line	565.5118	42.0945	0.4000	18.9957
Mx 	334.1179
T	54 72 80 76 81 68 85 w=34.1895	(Seminar)
Mx 	136.9134
My 	82.1423
My 	72.8445
Draw line	136.9134	60.6902	160.7244	0.4000
Draw line	136.9134	79.2859	160.7244	0.4000
Draw line	136.9134	60.6902	0.4000	18.9957
Draw line	297.6378	60.6902	0.4000	18.9957
Mx 	198.7282
T	54 70 75 72 71 88 79 72 w=37.0947	(Schedule)
Mx 	136.9134
My 	91.4402
Draw line	136.9134	79.2859	80.3622	0.4000
Draw line	136.9134	97.8816	80.3622	0.4000
Draw line	136.9134	79.2859	0.4000	18.9957
Draw line	217.2756	79.2859	0.4000	18.9957
Mx 	160.9134
T	37 72 74 76 81 w=23.2227	(Begin)
Draw line	217.2756	79.2859	80.3622	0.4000
Draw line	217.2756	97.8816	80.3622	0.4000
Draw line	217.2756	79.2859	0.4000	18.9957
Draw line	297.6378	79.2859	0.4000	18.9957
Mx 	241.2756
T	40 81 71 w=15.6787	(End)
Draw line	297.6378	60.6902	267.8740	0.4000
Draw line	297.6378	97.8816	267.8740	0.4000
Draw line	297.6378	60.6902	0.4000	37.5914
Draw line	565.5118	60.6902	0.4000	37.5914
Mx 	321.6378
My 	82.1423
T	55 82 83 76 70 w=22.9150	(Topic)
Mx 	29.7638
My 	119.3337
Push color	0.9333	0.9333	0.9333
Draw line	29.7638	97.8816	107.1496	37.1914
Pop color
Draw line	29.7638	97.8816	107.1496	0.4000
Draw line	29.7638	135.0730	107.1496	0.4000
Draw line	29.7638	97.8816	0.4000	37.5914
Draw line	136.9134	97.8816	0.4000	37.5914
Mx 	53.7638
T	48 82 81 71 68 92 w=33.3301	(Monday)
Draw line	136.9134	97.8816	80.3622	0.4000
Draw line	136.9134	135.0730	80.3622	0.4000
Draw line	136.9134	97.8816	0.4000	37.5914
Draw line	217.2756	97.8816	0.4000	37.5914
Mx 	160.9134
T	28 w=4.6924	(9)
Mx 	165.6058
T	29 w=2.2900	(:)
Mx 	167.8958
T	22 19 w=9.3848	(30)
Mx 	179.9253
T	36 48 w=14.0137	(AM)
Draw line	217.2756	97.8816	80.3622	0.4000
Draw line	217.2756	135.0730	80.3622	0.4000
Draw line	217.2756	97.8816	0.4000	37.5914
Draw line	297.6378	97.8816	0.4000	37.5914
Mx 	241.2756
T	24 w=4.6924	(5)
Mx 	245.9680
T	29 w=2.2900	(:)
Mx 	248.2580
T	22 19 w=9.3848	(30)
Mx 	260.2876
T	51 48 w=13.2910	(PM)
Mx 	297.6378
My 	110.0359
Draw line	297.6378	97.8816	267.8740	0.4000
Draw line	297.6378	116.4773	267.8740	0.4000
Draw line	297.6378	97.8816	0.4000	18.9957
Draw line	565.5118	97.8816	0.4000	18.9957
Mx 	321.6378
T	44 81 87 85 82 71 88 70 87 76 82 81 w=52.4951	(Introduction)
Mx 	376.7927
T	87 82 w=8.4717	(to)
Mx 	387.9241
T	54 44 47 40 w=17.4609	(SILE)
Mx 	297.6378
My 	128.6316
Draw line	297.6378	116.4773	267.8740	0.4000
Draw line	297.6378	135.0730	267.8740	0.4000
Draw line	297.6378	116.4773	0.4000	18.9957
Draw line	565.5118	116.4773	0.4000	18.9957
Mx 	321.6378
T	54 87 72 83 w=18.1201	(Step)
Mx 	342.4123
T	69 92 w=10.0098	(by)
Mx 	355.0765
T	86 87 72 83 w=17.2217	(step)
Mx 	372.2982
T	29 w=2.2900	(:)
Mx 	377.2426
T	70 79 68 86 86 72 86 w=27.8760	(classes)
Mx 	407.7730
T	9 w=6.6699	(&)
Mx 	417.0973
T	83 68 70 78 68 74 72 86 w=37.0850	(packages)
Mx 	29.7638
My 	165.8230
Push color	0.9333	0.9333	0.9333
Draw line	29.7638	135.0730	107.1496	55.7871
Pop color
Draw line	29.7638	135.0730	107.1496	0.4000
Draw line	29.7638	190.8601	107.1496	0.4000
Draw line	29.7638	135.0730	0.4000	56.1871
Draw line	136.9134	135.0730	0.4000	56.1871
Mx 	53.7638
T	55 88 72 86 71 68 92 w=34.0088	(Tuesday)
Mx 	136.9134
My 	147.2273
Draw line	136.9134	135.0730	80.3622	0.4000
Draw line	136.9134	153.6687	80.3622	0.4000
Draw line	136.9134	135.0730	0.4000	18.9957
Draw line	217.2756	135.0730	0.4000	18.9957
Mx 	160.9134
T	28 w=4.6924	(9)
Mx 	165.6058
T	29 w=2.2900	(:)
Mx 	167.8958
T	22 19 w=9.3848	(30)
Mx 	179.9253
T	36 48 w=14.0137	(AM)
Draw line	217.2756	135.0730	80.3622	0.4000
Draw line	217.2756	153.6687	80.3622	0.4000
Draw line	217.2756	135.0730	0.4000	18.9957
Draw line	297.6378	135.0730	0.4000	18.9957
Mx 	241.2756
T	20 20 w=9.3848	(11)
Mx 	250.6604
T	29 w=2.2900	(:)
Mx 	252.9504
T	19 19 w=9.3848	(00)
Mx 	264.9794
T	36 48 w=14.0137	(AM)
Mx 	136.9134
My 	165.8230
Draw line	136.9134	153.6687	80.3622	0.4000
Draw line	136.9134	172.2644	80.3622	0.4000
Draw line	136.9134	153.6687	0.4000	18.9957
Draw line	217.2756	153.6687	0.4000	18.9957
Mx 	160.9134
T	20 20 w=9.3848	(11)
Mx 	170.2982
T	29 w=2.2900	(:)
Mx 	172.5882
T	19 19 w=9.3848	(00)
Mx 	184.6171
T	36 48 w=14.0137	(AM)
Draw line	217.2756	153.6687	80.3622	0.4000
Draw line	217.2756	172.2644	80.3622	0.4000
Draw line	217.2756	153.6687	0.4000	18.9957
Draw line	297.6378	153.6687	0.4000	18.9957
Mx 	241.2756
T	20 21 w=9.3848	(12)
Mx 	250.6604
T	29 w=2.2900	(:)
Mx 	252.9504
T	19 19 w=9.3848	(00)
Mx 	264.9794
T	51 48 w=13.2910	(PM)
Mx 	136.9134
My 	184.4187
Draw line	136.9134	172.2644	80.3622	0.4000
Draw line	136.9134	190.8601	80.3622	0.4000
Draw line	136.9134	172.2644	0.4000	18.9957
Draw line	217.2756	172.2644	0.4000	18.9957
Mx 	160.9134
T	20 21 w=9.3848	(12)
Mx 	170.2982
T	29 w=2.2900	(:)
Mx 	172.5882
T	19 19 w=9.3848	(00)
Mx 	184.6172
T	51 48 w=13.2910	(PM)
Draw line	217.2756	172.2644	80.3622	0.4000
Draw line	217.2756	190.8601	80.3622	0.4000
Draw line	217.2756	172.2644	0.4000	18.9957
Draw line	297.6378	172.2644	0.4000	18.9957
Mx 	241.2756
T	24 w=4.6924	(5)
Mx 	245.9680
T	29 w=2.2900	(:)
Mx 	248.2580
T	19 19 w=9.3848	(00)
Mx 	260.2876
T	51 48 w=13.2910	(PM)
Mx 	297.6378
My 	151.8762
Draw line	297.6378	135.0730	267.8740	0.4000
Draw line	297.6378	162.9666	267.8740	0.4000
Draw line	297.6378	135.0730	0.4000	28.2936
Draw line	565.5118	135.0730	0.4000	28.2936
Mx 	321.6378
T	48 68 87 75 w=21.6113	(Math)
Mx 	345.9047
T	9 w=6.6699	(&)
Mx 	355.2302
T	68 71 89 68 81 70 72 71 w=39.0186	(advanced)
Mx 	396.9043
T	87 92 83 72 86 72 87 87 76 81 74 w=46.7627	(typesetting)
Mx 	297.6378
My 	179.7698
Draw line	297.6378	162.9666	267.8740	0.4000
Draw line	297.6378	190.8601	267.8740	0.4000
Draw line	297.6378	162.9666	0.4000	28.2936
Draw line	565.5118	162.9666	0.4000	28.2936
Mx 	321.6378
T	55 75 72 w=15.6445	(The)
Mx 	339.9418
T	76 81 87 72 85 81 68 79 86 w=36.9287	(internals)
Mx 	379.5300
T	82 73 w=8.1396	(of)
Mx 	390.3292
T	54 44 47 40 w=17.4609	(SILE)
Mx 	29.7638
My 	203.0144
Push color	0.9333	0.9333	0.9333
Draw line	29.7638	190.8601	107.1496	18.5957
Pop color
Draw line	29.7638	190.8601	107.1496	0.4000
Draw line	29.7638	209.4558	107.1496	0.4000
Draw line	29.7638	190.8601	0.4000	18.9957
Draw line	136.9134	190.8601	0.4000	18.9957
Mx 	53.7638
T	58 72 71 81 72 86 71 68 92 w=47.0410	(Wednesday)
Draw line	136.9134	190.8601	80.3622	0.4000
Draw line	136.9134	209.4558	80.3622	0.4000
Draw line	136.9134	190.8601	0.4000	18.9957
Draw line	217.2756	190.8601	0.4000	18.9957
Mx 	160.9134
T	27 w=4.6924	(8)
Mx 	165.6058
T	29 w=2.2900	(:)
Mx 	167.8958
T	19 19 w=9.3848	(00)
Mx 	179.9253
T	36 48 w=14.0137	(AM)
Draw line	217.2756	190.8601	80.3622	0.4000
Draw line	217.2756	209.4558	80.3622	0.4000
Draw line	217.2756	190.8601	0.4000	18.9957
Draw line	297.6378	190.8601	0.4000	18.9957
Mx 	241.2756
T	20 21 w=9.3848	(12)
Mx 	250.6604
T	29 w=2.2900	(:)
Mx 	252.9504
T	19 19 w=9.3848	(00)
Mx 	264.9794
T	51 48 w=13.2910	(PM)
Draw line	297.6378	190.8601	267.8740	0.4000
Draw line	297.6378	209.4558	267.8740	0.4000
Draw line	297.6378	190.8601	0.4000	18.9957
Draw line	565.5118	190.8601	0.4000	18.9957
Mx 	321.6378
T	54 44 47 40 w=17.4609	(SILE)
Mx 	341.7561
T	68 86 w=8.4521	(as)
Mx 	352.8656
T	68 81 w=10.1074	(an)
Mx 	365.6304
T	59 48 47 w=18.9746	(XML)
Mx 	387.2624
T	83 85 82 70 72 86 86 82 85 w=39.9902	(processor)
End page
Finish
